Traceback (most recent call last):
  File "/app/ark_orchestrator.py", line 6, in <module>
    from dotenv import load_dotenv
ModuleNotFoundError: No module named 'dotenv'
